...........................................                              [100%]
============================== warnings summary ===============================
C:\Users\Aurora\AppData\Roaming\Python\Python313\site-packages\fastapi\testclient.py:1
  C:\Users\Aurora\AppData\Roaming\Python\Python313\site-packages\fastapi\testclient.py:1: StarletteDeprecationWarning: Using `httpx` with `starlette.testclient` is deprecated; install `httpx2` instead.
    from starlette.testclient import TestClient as TestClient  # noqa

backend\app\main.py:53
  e:\2026hot\final\stip\backend\app\main.py:53: DeprecationWarning: 
          on_event is deprecated, use lifespan event handlers instead.
  
          Read more about it in the
          [FastAPI docs for Lifespan Events](https://fastapi.tiangolo.com/advanced/events/).
          
    @app.on_event("startup")

C:\Users\Aurora\AppData\Roaming\Python\Python313\site-packages\fastapi\applications.py:4601
  C:\Users\Aurora\AppData\Roaming\Python\Python313\site-packages\fastapi\applications.py:4601: DeprecationWarning: 
          on_event is deprecated, use lifespan event handlers instead.
  
          Read more about it in the
          [FastAPI docs for Lifespan Events](https://fastapi.tiangolo.com/advanced/events/).
          
    return self.router.on_event(event_type)  # ty: ignore[deprecated]

-- Docs: https://docs.pytest.org/en/stable/how-to/capture-warnings.html
43 passed, 3 warnings in 1.95s
